INFO - 2023-11-10 01:00:55 --> Session: Class initialized using 'CodeIgniter\Session\Handlers\FileHandler' driver.
INFO - 2023-11-10 01:13:26 --> Session: Class initialized using 'CodeIgniter\Session\Handlers\FileHandler' driver.
INFO - 2023-11-10 01:13:39 --> Session: Class initialized using 'CodeIgniter\Session\Handlers\FileHandler' driver.
INFO - 2023-11-10 01:13:40 --> Session: Class initialized using 'CodeIgniter\Session\Handlers\FileHandler' driver.
INFO - 2023-11-10 01:22:10 --> Session: Class initialized using 'CodeIgniter\Session\Handlers\FileHandler' driver.
INFO - 2023-11-10 01:31:45 --> Session: Class initialized using 'CodeIgniter\Session\Handlers\FileHandler' driver.
INFO - 2023-11-10 01:32:17 --> Session: Class initialized using 'CodeIgniter\Session\Handlers\FileHandler' driver.
INFO - 2023-11-10 01:37:56 --> Session: Class initialized using 'CodeIgniter\Session\Handlers\FileHandler' driver.
INFO - 2023-11-10 01:38:08 --> Session: Class initialized using 'CodeIgniter\Session\Handlers\FileHandler' driver.
INFO - 2023-11-10 01:38:46 --> Session: Class initialized using 'CodeIgniter\Session\Handlers\FileHandler' driver.
INFO - 2023-11-10 01:50:18 --> Session: Class initialized using 'CodeIgniter\Session\Handlers\FileHandler' driver.
INFO - 2023-11-10 01:50:31 --> Session: Class initialized using 'CodeIgniter\Session\Handlers\FileHandler' driver.
INFO - 2023-11-10 01:50:32 --> Session: Class initialized using 'CodeIgniter\Session\Handlers\FileHandler' driver.
CRITICAL - 2023-11-10 02:11:34 --> Undefined index: harga_total
in APPPATH\Views\FrontEnd\page\keranjang.php on line 25.
 1 APPPATH\Views\FrontEnd\page\keranjang.php(25): CodeIgniter\Debug\Exceptions->errorHandler(8, 'Undefined index: harga_total', 'C:\\xampp\\htdocs\\commerce\\app\\Views\\FrontEnd\\page\\keranjang.php', 25, [...])
 2 SYSTEMPATH\View\View.php(228): include('C:\\xampp\\htdocs\\commerce\\app\\Views\\FrontEnd\\page\\keranjang.php')
 3 SYSTEMPATH\View\View.php(231): CodeIgniter\View\View->CodeIgniter\View\{closure}()
 4 SYSTEMPATH\Common.php(1190): CodeIgniter\View\View->render('frontEnd/page/keranjang', [], true)
 5 APPPATH\Controllers\Keranjang.php(16): view('frontEnd/page/keranjang', [...])
 6 SYSTEMPATH\CodeIgniter.php(942): App\Controllers\Keranjang->home()
 7 SYSTEMPATH\CodeIgniter.php(502): CodeIgniter\CodeIgniter->runController(Object(App\Controllers\Keranjang))
 8 SYSTEMPATH\CodeIgniter.php(361): CodeIgniter\CodeIgniter->handleRequest(null, Object(Config\Cache), false)
 9 FCPATH\index.php(79): CodeIgniter\CodeIgniter->run()
10 SYSTEMPATH\Commands\Server\rewrite.php(47): require_once('C:\\xampp\\htdocs\\commerce\\public\\index.php')
CRITICAL - 2023-11-10 02:18:33 --> Undefined index: total_harga
in APPPATH\Controllers\Keranjang.php on line 13.
 1 APPPATH\Controllers\Keranjang.php(13): CodeIgniter\Debug\Exceptions->errorHandler(8, 'Undefined index: total_harga', 'C:\\xampp\\htdocs\\commerce\\app\\Controllers\\Keranjang.php', 13, [...])
 2 SYSTEMPATH\CodeIgniter.php(942): App\Controllers\Keranjang->home()
 3 SYSTEMPATH\CodeIgniter.php(502): CodeIgniter\CodeIgniter->runController(Object(App\Controllers\Keranjang))
 4 SYSTEMPATH\CodeIgniter.php(361): CodeIgniter\CodeIgniter->handleRequest(null, Object(Config\Cache), false)
 5 FCPATH\index.php(79): CodeIgniter\CodeIgniter->run()
 6 SYSTEMPATH\Commands\Server\rewrite.php(47): require_once('C:\\xampp\\htdocs\\commerce\\public\\index.php')
CRITICAL - 2023-11-10 02:19:11 --> Undefined index: total_harga
in APPPATH\Controllers\Keranjang.php on line 13.
 1 APPPATH\Controllers\Keranjang.php(13): CodeIgniter\Debug\Exceptions->errorHandler(8, 'Undefined index: total_harga', 'C:\\xampp\\htdocs\\commerce\\app\\Controllers\\Keranjang.php', 13, [...])
 2 SYSTEMPATH\CodeIgniter.php(942): App\Controllers\Keranjang->home()
 3 SYSTEMPATH\CodeIgniter.php(502): CodeIgniter\CodeIgniter->runController(Object(App\Controllers\Keranjang))
 4 SYSTEMPATH\CodeIgniter.php(361): CodeIgniter\CodeIgniter->handleRequest(null, Object(Config\Cache), false)
 5 FCPATH\index.php(79): CodeIgniter\CodeIgniter->run()
 6 SYSTEMPATH\Commands\Server\rewrite.php(47): require_once('C:\\xampp\\htdocs\\commerce\\public\\index.php')
CRITICAL - 2023-11-10 02:19:30 --> First array member is not a valid class name or object
in APPPATH\Controllers\Keranjang.php on line 13.
 1 SYSTEMPATH\CodeIgniter.php(942): App\Controllers\Keranjang->home()
 2 SYSTEMPATH\CodeIgniter.php(502): CodeIgniter\CodeIgniter->runController(Object(App\Controllers\Keranjang))
 3 SYSTEMPATH\CodeIgniter.php(361): CodeIgniter\CodeIgniter->handleRequest(null, Object(Config\Cache), false)
 4 FCPATH\index.php(79): CodeIgniter\CodeIgniter->run()
 5 SYSTEMPATH\Commands\Server\rewrite.php(47): require_once('C:\\xampp\\htdocs\\commerce\\public\\index.php')
CRITICAL - 2023-11-10 02:24:19 --> Undefined variable: total_harga
in APPPATH\Controllers\Keranjang.php on line 13.
 1 APPPATH\Controllers\Keranjang.php(13): CodeIgniter\Debug\Exceptions->errorHandler(8, 'Undefined variable: total_harga', 'C:\\xampp\\htdocs\\commerce\\app\\Controllers\\Keranjang.php', 13, [...])
 2 SYSTEMPATH\CodeIgniter.php(942): App\Controllers\Keranjang->home()
 3 SYSTEMPATH\CodeIgniter.php(502): CodeIgniter\CodeIgniter->runController(Object(App\Controllers\Keranjang))
 4 SYSTEMPATH\CodeIgniter.php(361): CodeIgniter\CodeIgniter->handleRequest(null, Object(Config\Cache), false)
 5 FCPATH\index.php(79): CodeIgniter\CodeIgniter->run()
 6 SYSTEMPATH\Commands\Server\rewrite.php(47): require_once('C:\\xampp\\htdocs\\commerce\\public\\index.php')
CRITICAL - 2023-11-10 02:27:57 --> Undefined index: total_harga
in APPPATH\Controllers\Keranjang.php on line 13.
 1 APPPATH\Controllers\Keranjang.php(13): CodeIgniter\Debug\Exceptions->errorHandler(8, 'Undefined index: total_harga', 'C:\\xampp\\htdocs\\commerce\\app\\Controllers\\Keranjang.php', 13, [...])
 2 SYSTEMPATH\CodeIgniter.php(942): App\Controllers\Keranjang->home()
 3 SYSTEMPATH\CodeIgniter.php(502): CodeIgniter\CodeIgniter->runController(Object(App\Controllers\Keranjang))
 4 SYSTEMPATH\CodeIgniter.php(361): CodeIgniter\CodeIgniter->handleRequest(null, Object(Config\Cache), false)
 5 FCPATH\index.php(79): CodeIgniter\CodeIgniter->run()
 6 SYSTEMPATH\Commands\Server\rewrite.php(47): require_once('C:\\xampp\\htdocs\\commerce\\public\\index.php')
CRITICAL - 2023-11-10 02:31:26 --> Undefined offset: 4
in APPPATH\Controllers\Keranjang.php on line 13.
 1 APPPATH\Controllers\Keranjang.php(13): CodeIgniter\Debug\Exceptions->errorHandler(8, 'Undefined offset: 4', 'C:\\xampp\\htdocs\\commerce\\app\\Controllers\\Keranjang.php', 13, [...])
 2 SYSTEMPATH\CodeIgniter.php(942): App\Controllers\Keranjang->home()
 3 SYSTEMPATH\CodeIgniter.php(502): CodeIgniter\CodeIgniter->runController(Object(App\Controllers\Keranjang))
 4 SYSTEMPATH\CodeIgniter.php(361): CodeIgniter\CodeIgniter->handleRequest(null, Object(Config\Cache), false)
 5 FCPATH\index.php(79): CodeIgniter\CodeIgniter->run()
 6 SYSTEMPATH\Commands\Server\rewrite.php(47): require_once('C:\\xampp\\htdocs\\commerce\\public\\index.php')
INFO - 2023-11-10 03:21:42 --> Session: Class initialized using 'CodeIgniter\Session\Handlers\FileHandler' driver.
ERROR - 2023-11-10 03:29:36 --> Error connecting to the database: mysqli_sql_exception: No connection could be made because the target machine actively refused it.
 in C:\xampp\htdocs\commerce\system\Database\MySQLi\Connection.php:185
Stack trace:
#0 C:\xampp\htdocs\commerce\system\Database\MySQLi\Connection.php(185): mysqli->real_connect('localhost', 'root', '', 'commerce', 3306, '', 0)
#1 C:\xampp\htdocs\commerce\system\Database\BaseConnection.php(392): CodeIgniter\Database\MySQLi\Connection->connect(false)
#2 C:\xampp\htdocs\commerce\system\Database\BaseConnection.php(575): CodeIgniter\Database\BaseConnection->initialize()
#3 C:\xampp\htdocs\commerce\system\Database\BaseBuilder.php(1615): CodeIgniter\Database\BaseConnection->query('SELECT *\nFROM `...', Array, false)
#4 C:\xampp\htdocs\commerce\system\Model.php(237): CodeIgniter\Database\BaseBuilder->get()
#5 C:\xampp\htdocs\commerce\system\BaseModel.php(624): CodeIgniter\Model->doFindAll(0, 0)
#6 C:\xampp\htdocs\commerce\app\Controllers\FrontEnd.php(13): CodeIgniter\BaseModel->findAll()
#7 C:\xampp\htdocs\commerce\system\CodeIgniter.php(942): App\Controllers\FrontEnd->home()
#8 C:\xampp\htdocs\commerce\system\CodeIgniter.php(502): CodeIgniter\CodeIgniter->runController(Object(App\Controllers\FrontEnd))
#9 C:\xampp\htdocs\commerce\system\CodeIgniter.php(361): CodeIgniter\CodeIgniter->handleRequest(NULL, Object(Config\Cache), false)
#10 C:\xampp\htdocs\commerce\public\index.php(79): CodeIgniter\CodeIgniter->run()
#11 C:\xampp\htdocs\commerce\system\Commands\Server\rewrite.php(47): require_once('C:\\xampp\\htdocs...')
#12 {main}

Next CodeIgniter\Database\Exceptions\DatabaseException: No connection could be made because the target machine actively refused it.
 in C:\xampp\htdocs\commerce\system\Database\MySQLi\Connection.php:229
Stack trace:
#0 C:\xampp\htdocs\commerce\system\Database\BaseConnection.php(392): CodeIgniter\Database\MySQLi\Connection->connect(false)
#1 C:\xampp\htdocs\commerce\system\Database\BaseConnection.php(575): CodeIgniter\Database\BaseConnection->initialize()
#2 C:\xampp\htdocs\commerce\system\Database\BaseBuilder.php(1615): CodeIgniter\Database\BaseConnection->query('SELECT *\nFROM `...', Array, false)
#3 C:\xampp\htdocs\commerce\system\Model.php(237): CodeIgniter\Database\BaseBuilder->get()
#4 C:\xampp\htdocs\commerce\system\BaseModel.php(624): CodeIgniter\Model->doFindAll(0, 0)
#5 C:\xampp\htdocs\commerce\app\Controllers\FrontEnd.php(13): CodeIgniter\BaseModel->findAll()
#6 C:\xampp\htdocs\commerce\system\CodeIgniter.php(942): App\Controllers\FrontEnd->home()
#7 C:\xampp\htdocs\commerce\system\CodeIgniter.php(502): CodeIgniter\CodeIgniter->runController(Object(App\Controllers\FrontEnd))
#8 C:\xampp\htdocs\commerce\system\CodeIgniter.php(361): CodeIgniter\CodeIgniter->handleRequest(NULL, Object(Config\Cache), false)
#9 C:\xampp\htdocs\commerce\public\index.php(79): CodeIgniter\CodeIgniter->run()
#10 C:\xampp\htdocs\commerce\system\Commands\Server\rewrite.php(47): require_once('C:\\xampp\\htdocs...')
#11 {main}
CRITICAL - 2023-11-10 03:29:36 --> Unable to connect to the database.
Main connection [MySQLi]: No connection could be made because the target machine actively refused it.

in SYSTEMPATH\Database\BaseConnection.php on line 428.
 1 SYSTEMPATH\Database\BaseConnection.php(575): CodeIgniter\Database\BaseConnection->initialize()
 2 SYSTEMPATH\Database\BaseBuilder.php(1615): CodeIgniter\Database\BaseConnection->query('SELECT *
FROM `product`', [], false)
 3 SYSTEMPATH\Model.php(237): CodeIgniter\Database\BaseBuilder->get()
 4 SYSTEMPATH\BaseModel.php(624): CodeIgniter\Model->doFindAll(0, 0)
 5 APPPATH\Controllers\FrontEnd.php(13): CodeIgniter\BaseModel->findAll()
 6 SYSTEMPATH\CodeIgniter.php(942): App\Controllers\FrontEnd->home()
 7 SYSTEMPATH\CodeIgniter.php(502): CodeIgniter\CodeIgniter->runController(Object(App\Controllers\FrontEnd))
 8 SYSTEMPATH\CodeIgniter.php(361): CodeIgniter\CodeIgniter->handleRequest(null, Object(Config\Cache), false)
 9 FCPATH\index.php(79): CodeIgniter\CodeIgniter->run()
10 SYSTEMPATH\Commands\Server\rewrite.php(47): require_once('C:\\xampp\\htdocs\\commerce\\public\\index.php')
INFO - 2023-11-10 03:30:11 --> Session: Class initialized using 'CodeIgniter\Session\Handlers\FileHandler' driver.
INFO - 2023-11-10 03:41:04 --> Session: Class initialized using 'CodeIgniter\Session\Handlers\FileHandler' driver.
INFO - 2023-11-10 03:41:16 --> Session: Class initialized using 'CodeIgniter\Session\Handlers\FileHandler' driver.
INFO - 2023-11-10 03:41:17 --> Session: Class initialized using 'CodeIgniter\Session\Handlers\FileHandler' driver.
ERROR - 2023-11-10 06:08:20 --> Error connecting to the database: mysqli_sql_exception: No connection could be made because the target machine actively refused it.
 in C:\xampp\htdocs\commerce\system\Database\MySQLi\Connection.php:185
Stack trace:
#0 C:\xampp\htdocs\commerce\system\Database\MySQLi\Connection.php(185): mysqli->real_connect('localhost', 'root', '', 'commerce', 3306, '', 0)
#1 C:\xampp\htdocs\commerce\system\Database\BaseConnection.php(392): CodeIgniter\Database\MySQLi\Connection->connect(false)
#2 C:\xampp\htdocs\commerce\system\Database\BaseConnection.php(575): CodeIgniter\Database\BaseConnection->initialize()
#3 C:\xampp\htdocs\commerce\system\Database\BaseBuilder.php(1615): CodeIgniter\Database\BaseConnection->query('SELECT *\nFROM `...', Array, false)
#4 C:\xampp\htdocs\commerce\system\Model.php(237): CodeIgniter\Database\BaseBuilder->get()
#5 C:\xampp\htdocs\commerce\system\BaseModel.php(624): CodeIgniter\Model->doFindAll(0, 0)
#6 C:\xampp\htdocs\commerce\app\Controllers\FrontEnd.php(13): CodeIgniter\BaseModel->findAll()
#7 C:\xampp\htdocs\commerce\system\CodeIgniter.php(942): App\Controllers\FrontEnd->home()
#8 C:\xampp\htdocs\commerce\system\CodeIgniter.php(502): CodeIgniter\CodeIgniter->runController(Object(App\Controllers\FrontEnd))
#9 C:\xampp\htdocs\commerce\system\CodeIgniter.php(361): CodeIgniter\CodeIgniter->handleRequest(NULL, Object(Config\Cache), false)
#10 C:\xampp\htdocs\commerce\public\index.php(79): CodeIgniter\CodeIgniter->run()
#11 C:\xampp\htdocs\commerce\system\Commands\Server\rewrite.php(47): require_once('C:\\xampp\\htdocs...')
#12 {main}

Next CodeIgniter\Database\Exceptions\DatabaseException: No connection could be made because the target machine actively refused it.
 in C:\xampp\htdocs\commerce\system\Database\MySQLi\Connection.php:229
Stack trace:
#0 C:\xampp\htdocs\commerce\system\Database\BaseConnection.php(392): CodeIgniter\Database\MySQLi\Connection->connect(false)
#1 C:\xampp\htdocs\commerce\system\Database\BaseConnection.php(575): CodeIgniter\Database\BaseConnection->initialize()
#2 C:\xampp\htdocs\commerce\system\Database\BaseBuilder.php(1615): CodeIgniter\Database\BaseConnection->query('SELECT *\nFROM `...', Array, false)
#3 C:\xampp\htdocs\commerce\system\Model.php(237): CodeIgniter\Database\BaseBuilder->get()
#4 C:\xampp\htdocs\commerce\system\BaseModel.php(624): CodeIgniter\Model->doFindAll(0, 0)
#5 C:\xampp\htdocs\commerce\app\Controllers\FrontEnd.php(13): CodeIgniter\BaseModel->findAll()
#6 C:\xampp\htdocs\commerce\system\CodeIgniter.php(942): App\Controllers\FrontEnd->home()
#7 C:\xampp\htdocs\commerce\system\CodeIgniter.php(502): CodeIgniter\CodeIgniter->runController(Object(App\Controllers\FrontEnd))
#8 C:\xampp\htdocs\commerce\system\CodeIgniter.php(361): CodeIgniter\CodeIgniter->handleRequest(NULL, Object(Config\Cache), false)
#9 C:\xampp\htdocs\commerce\public\index.php(79): CodeIgniter\CodeIgniter->run()
#10 C:\xampp\htdocs\commerce\system\Commands\Server\rewrite.php(47): require_once('C:\\xampp\\htdocs...')
#11 {main}
CRITICAL - 2023-11-10 06:08:20 --> Unable to connect to the database.
Main connection [MySQLi]: No connection could be made because the target machine actively refused it.

in SYSTEMPATH\Database\BaseConnection.php on line 428.
 1 SYSTEMPATH\Database\BaseConnection.php(575): CodeIgniter\Database\BaseConnection->initialize()
 2 SYSTEMPATH\Database\BaseBuilder.php(1615): CodeIgniter\Database\BaseConnection->query('SELECT *
FROM `product`', [], false)
 3 SYSTEMPATH\Model.php(237): CodeIgniter\Database\BaseBuilder->get()
 4 SYSTEMPATH\BaseModel.php(624): CodeIgniter\Model->doFindAll(0, 0)
 5 APPPATH\Controllers\FrontEnd.php(13): CodeIgniter\BaseModel->findAll()
 6 SYSTEMPATH\CodeIgniter.php(942): App\Controllers\FrontEnd->home()
 7 SYSTEMPATH\CodeIgniter.php(502): CodeIgniter\CodeIgniter->runController(Object(App\Controllers\FrontEnd))
 8 SYSTEMPATH\CodeIgniter.php(361): CodeIgniter\CodeIgniter->handleRequest(null, Object(Config\Cache), false)
 9 FCPATH\index.php(79): CodeIgniter\CodeIgniter->run()
10 SYSTEMPATH\Commands\Server\rewrite.php(47): require_once('C:\\xampp\\htdocs\\commerce\\public\\index.php')
INFO - 2023-11-10 06:08:45 --> Session: Class initialized using 'CodeIgniter\Session\Handlers\FileHandler' driver.
CRITICAL - 2023-11-10 06:36:48 --> Undefined variable: produk
in APPPATH\Views\FrontEnd\page\keranjang.php on line 34.
 1 APPPATH\Views\FrontEnd\page\keranjang.php(34): CodeIgniter\Debug\Exceptions->errorHandler(8, 'Undefined variable: produk', 'C:\\xampp\\htdocs\\commerce\\app\\Views\\FrontEnd\\page\\keranjang.php', 34, [...])
 2 SYSTEMPATH\View\View.php(228): include('C:\\xampp\\htdocs\\commerce\\app\\Views\\FrontEnd\\page\\keranjang.php')
 3 SYSTEMPATH\View\View.php(231): CodeIgniter\View\View->CodeIgniter\View\{closure}()
 4 SYSTEMPATH\Common.php(1190): CodeIgniter\View\View->render('frontEnd/page/keranjang', [], true)
 5 APPPATH\Controllers\Keranjang.php(31): view('frontEnd/page/keranjang', [...])
 6 SYSTEMPATH\CodeIgniter.php(942): App\Controllers\Keranjang->home()
 7 SYSTEMPATH\CodeIgniter.php(502): CodeIgniter\CodeIgniter->runController(Object(App\Controllers\Keranjang))
 8 SYSTEMPATH\CodeIgniter.php(361): CodeIgniter\CodeIgniter->handleRequest(null, Object(Config\Cache), false)
 9 FCPATH\index.php(79): CodeIgniter\CodeIgniter->run()
10 SYSTEMPATH\Commands\Server\rewrite.php(47): require_once('C:\\xampp\\htdocs\\commerce\\public\\index.php')
CRITICAL - 2023-11-10 08:40:48 --> Undefined index: id_pesanan
in APPPATH\Views\FrontEnd\page\keranjang.php on line 49.
 1 APPPATH\Views\FrontEnd\page\keranjang.php(49): CodeIgniter\Debug\Exceptions->errorHandler(8, 'Undefined index: id_pesanan', 'C:\\xampp\\htdocs\\commerce\\app\\Views\\FrontEnd\\page\\keranjang.php', 49, [...])
 2 SYSTEMPATH\View\View.php(228): include('C:\\xampp\\htdocs\\commerce\\app\\Views\\FrontEnd\\page\\keranjang.php')
 3 SYSTEMPATH\View\View.php(231): CodeIgniter\View\View->CodeIgniter\View\{closure}()
 4 SYSTEMPATH\Common.php(1190): CodeIgniter\View\View->render('frontEnd/page/keranjang', [], true)
 5 APPPATH\Controllers\Keranjang.php(31): view('frontEnd/page/keranjang', [...])
 6 SYSTEMPATH\CodeIgniter.php(942): App\Controllers\Keranjang->home()
 7 SYSTEMPATH\CodeIgniter.php(502): CodeIgniter\CodeIgniter->runController(Object(App\Controllers\Keranjang))
 8 SYSTEMPATH\CodeIgniter.php(361): CodeIgniter\CodeIgniter->handleRequest(null, Object(Config\Cache), false)
 9 FCPATH\index.php(79): CodeIgniter\CodeIgniter->run()
10 SYSTEMPATH\Commands\Server\rewrite.php(47): require_once('C:\\xampp\\htdocs\\commerce\\public\\index.php')
CRITICAL - 2023-11-10 09:06:37 --> Undefined variable: produk
in APPPATH\Views\FrontEnd\page\keranjang.php on line 33.
 1 APPPATH\Views\FrontEnd\page\keranjang.php(33): CodeIgniter\Debug\Exceptions->errorHandler(8, 'Undefined variable: produk', 'C:\\xampp\\htdocs\\commerce\\app\\Views\\FrontEnd\\page\\keranjang.php', 33, [...])
 2 SYSTEMPATH\View\View.php(228): include('C:\\xampp\\htdocs\\commerce\\app\\Views\\FrontEnd\\page\\keranjang.php')
 3 SYSTEMPATH\View\View.php(231): CodeIgniter\View\View->CodeIgniter\View\{closure}()
 4 SYSTEMPATH\Common.php(1190): CodeIgniter\View\View->render('frontEnd/page/keranjang', [], true)
 5 APPPATH\Controllers\Keranjang.php(31): view('frontEnd/page/keranjang', [...])
 6 SYSTEMPATH\CodeIgniter.php(942): App\Controllers\Keranjang->home()
 7 SYSTEMPATH\CodeIgniter.php(502): CodeIgniter\CodeIgniter->runController(Object(App\Controllers\Keranjang))
 8 SYSTEMPATH\CodeIgniter.php(361): CodeIgniter\CodeIgniter->handleRequest(null, Object(Config\Cache), false)
 9 FCPATH\index.php(79): CodeIgniter\CodeIgniter->run()
10 SYSTEMPATH\Commands\Server\rewrite.php(47): require_once('C:\\xampp\\htdocs\\commerce\\public\\index.php')
CRITICAL - 2023-11-10 09:39:55 --> Undefined variable: produk
in APPPATH\Views\FrontEnd\page\keranjang.php on line 33.
 1 APPPATH\Views\FrontEnd\page\keranjang.php(33): CodeIgniter\Debug\Exceptions->errorHandler(8, 'Undefined variable: produk', 'C:\\xampp\\htdocs\\commerce\\app\\Views\\FrontEnd\\page\\keranjang.php', 33, [...])
 2 SYSTEMPATH\View\View.php(228): include('C:\\xampp\\htdocs\\commerce\\app\\Views\\FrontEnd\\page\\keranjang.php')
 3 SYSTEMPATH\View\View.php(231): CodeIgniter\View\View->CodeIgniter\View\{closure}()
 4 SYSTEMPATH\Common.php(1190): CodeIgniter\View\View->render('frontEnd/page/keranjang', [], true)
 5 APPPATH\Controllers\Keranjang.php(31): view('frontEnd/page/keranjang', [...])
 6 SYSTEMPATH\CodeIgniter.php(942): App\Controllers\Keranjang->home()
 7 SYSTEMPATH\CodeIgniter.php(502): CodeIgniter\CodeIgniter->runController(Object(App\Controllers\Keranjang))
 8 SYSTEMPATH\CodeIgniter.php(361): CodeIgniter\CodeIgniter->handleRequest(null, Object(Config\Cache), false)
 9 FCPATH\index.php(79): CodeIgniter\CodeIgniter->run()
10 SYSTEMPATH\Commands\Server\rewrite.php(47): require_once('C:\\xampp\\htdocs\\commerce\\public\\index.php')
ERROR - 2023-11-10 09:40:54 --> mysqli_sql_exception: Unknown column 'id' in 'where clause' in C:\xampp\htdocs\commerce\system\Database\MySQLi\Connection.php:306
Stack trace:
#0 C:\xampp\htdocs\commerce\system\Database\MySQLi\Connection.php(306): mysqli->query('DELETE FROM `ke...', 0)
#1 C:\xampp\htdocs\commerce\system\Database\BaseConnection.php(693): CodeIgniter\Database\MySQLi\Connection->execute('DELETE FROM `ke...')
#2 C:\xampp\htdocs\commerce\system\Database\BaseConnection.php(607): CodeIgniter\Database\BaseConnection->simpleQuery('DELETE FROM `ke...')
#3 C:\xampp\htdocs\commerce\system\Database\BaseBuilder.php(2790): CodeIgniter\Database\BaseConnection->query('DELETE FROM `ke...', Array, false)
#4 C:\xampp\htdocs\commerce\system\Model.php(445): CodeIgniter\Database\BaseBuilder->delete()
#5 C:\xampp\htdocs\commerce\system\BaseModel.php(1080): CodeIgniter\Model->doDelete(Array, false)
#6 C:\xampp\htdocs\commerce\app\Controllers\Keranjang.php(36): CodeIgniter\BaseModel->delete(Array)
#7 C:\xampp\htdocs\commerce\system\CodeIgniter.php(942): App\Controllers\Keranjang->hapus('1089560460')
#8 C:\xampp\htdocs\commerce\system\CodeIgniter.php(502): CodeIgniter\CodeIgniter->runController(Object(App\Controllers\Keranjang))
#9 C:\xampp\htdocs\commerce\system\CodeIgniter.php(361): CodeIgniter\CodeIgniter->handleRequest(NULL, Object(Config\Cache), false)
#10 C:\xampp\htdocs\commerce\public\index.php(79): CodeIgniter\CodeIgniter->run()
#11 C:\xampp\htdocs\commerce\system\Commands\Server\rewrite.php(47): require_once('C:\\xampp\\htdocs...')
#12 {main}
CRITICAL - 2023-11-10 09:40:54 --> Unknown column 'id' in 'where clause'
in SYSTEMPATH\Database\BaseConnection.php on line 647.
 1 SYSTEMPATH\Database\BaseBuilder.php(2790): CodeIgniter\Database\BaseConnection->query('DELETE FROM `keranjang`
WHERE `id` IN :id:', [...], false)
 2 SYSTEMPATH\Model.php(445): CodeIgniter\Database\BaseBuilder->delete()
 3 SYSTEMPATH\BaseModel.php(1080): CodeIgniter\Model->doDelete([...], false)
 4 APPPATH\Controllers\Keranjang.php(36): CodeIgniter\BaseModel->delete([...])
 5 SYSTEMPATH\CodeIgniter.php(942): App\Controllers\Keranjang->hapus('1089560460')
 6 SYSTEMPATH\CodeIgniter.php(502): CodeIgniter\CodeIgniter->runController(Object(App\Controllers\Keranjang))
 7 SYSTEMPATH\CodeIgniter.php(361): CodeIgniter\CodeIgniter->handleRequest(null, Object(Config\Cache), false)
 8 FCPATH\index.php(79): CodeIgniter\CodeIgniter->run()
 9 SYSTEMPATH\Commands\Server\rewrite.php(47): require_once('C:\\xampp\\htdocs\\commerce\\public\\index.php')
ERROR - 2023-11-10 09:41:28 --> mysqli_sql_exception: Unknown column 'id' in 'where clause' in C:\xampp\htdocs\commerce\system\Database\MySQLi\Connection.php:306
Stack trace:
#0 C:\xampp\htdocs\commerce\system\Database\MySQLi\Connection.php(306): mysqli->query('DELETE FROM `ke...', 0)
#1 C:\xampp\htdocs\commerce\system\Database\BaseConnection.php(693): CodeIgniter\Database\MySQLi\Connection->execute('DELETE FROM `ke...')
#2 C:\xampp\htdocs\commerce\system\Database\BaseConnection.php(607): CodeIgniter\Database\BaseConnection->simpleQuery('DELETE FROM `ke...')
#3 C:\xampp\htdocs\commerce\system\Database\BaseBuilder.php(2790): CodeIgniter\Database\BaseConnection->query('DELETE FROM `ke...', Array, false)
#4 C:\xampp\htdocs\commerce\system\Model.php(445): CodeIgniter\Database\BaseBuilder->delete()
#5 C:\xampp\htdocs\commerce\system\BaseModel.php(1080): CodeIgniter\Model->doDelete(Array, false)
#6 C:\xampp\htdocs\commerce\app\Controllers\Keranjang.php(36): CodeIgniter\BaseModel->delete(Array)
#7 C:\xampp\htdocs\commerce\system\CodeIgniter.php(942): App\Controllers\Keranjang->hapus('1089560460')
#8 C:\xampp\htdocs\commerce\system\CodeIgniter.php(502): CodeIgniter\CodeIgniter->runController(Object(App\Controllers\Keranjang))
#9 C:\xampp\htdocs\commerce\system\CodeIgniter.php(361): CodeIgniter\CodeIgniter->handleRequest(NULL, Object(Config\Cache), false)
#10 C:\xampp\htdocs\commerce\public\index.php(79): CodeIgniter\CodeIgniter->run()
#11 C:\xampp\htdocs\commerce\system\Commands\Server\rewrite.php(47): require_once('C:\\xampp\\htdocs...')
#12 {main}
CRITICAL - 2023-11-10 09:41:28 --> Unknown column 'id' in 'where clause'
in SYSTEMPATH\Database\BaseConnection.php on line 647.
 1 SYSTEMPATH\Database\BaseBuilder.php(2790): CodeIgniter\Database\BaseConnection->query('DELETE FROM `keranjang`
WHERE `id` IN :id:', [...], false)
 2 SYSTEMPATH\Model.php(445): CodeIgniter\Database\BaseBuilder->delete()
 3 SYSTEMPATH\BaseModel.php(1080): CodeIgniter\Model->doDelete([...], false)
 4 APPPATH\Controllers\Keranjang.php(36): CodeIgniter\BaseModel->delete([...])
 5 SYSTEMPATH\CodeIgniter.php(942): App\Controllers\Keranjang->hapus('1089560460')
 6 SYSTEMPATH\CodeIgniter.php(502): CodeIgniter\CodeIgniter->runController(Object(App\Controllers\Keranjang))
 7 SYSTEMPATH\CodeIgniter.php(361): CodeIgniter\CodeIgniter->handleRequest(null, Object(Config\Cache), false)
 8 FCPATH\index.php(79): CodeIgniter\CodeIgniter->run()
 9 SYSTEMPATH\Commands\Server\rewrite.php(47): require_once('C:\\xampp\\htdocs\\commerce\\public\\index.php')
ERROR - 2023-11-10 09:42:14 --> mysqli_sql_exception: Unknown column 'id' in 'where clause' in C:\xampp\htdocs\commerce\system\Database\MySQLi\Connection.php:306
Stack trace:
#0 C:\xampp\htdocs\commerce\system\Database\MySQLi\Connection.php(306): mysqli->query('DELETE FROM `ke...', 0)
#1 C:\xampp\htdocs\commerce\system\Database\BaseConnection.php(693): CodeIgniter\Database\MySQLi\Connection->execute('DELETE FROM `ke...')
#2 C:\xampp\htdocs\commerce\system\Database\BaseConnection.php(607): CodeIgniter\Database\BaseConnection->simpleQuery('DELETE FROM `ke...')
#3 C:\xampp\htdocs\commerce\system\Database\BaseBuilder.php(2790): CodeIgniter\Database\BaseConnection->query('DELETE FROM `ke...', Array, false)
#4 C:\xampp\htdocs\commerce\system\Model.php(445): CodeIgniter\Database\BaseBuilder->delete()
#5 C:\xampp\htdocs\commerce\system\BaseModel.php(1080): CodeIgniter\Model->doDelete(Array, false)
#6 C:\xampp\htdocs\commerce\app\Controllers\Keranjang.php(36): CodeIgniter\BaseModel->delete(Array)
#7 C:\xampp\htdocs\commerce\system\CodeIgniter.php(942): App\Controllers\Keranjang->hapus('1089560460')
#8 C:\xampp\htdocs\commerce\system\CodeIgniter.php(502): CodeIgniter\CodeIgniter->runController(Object(App\Controllers\Keranjang))
#9 C:\xampp\htdocs\commerce\system\CodeIgniter.php(361): CodeIgniter\CodeIgniter->handleRequest(NULL, Object(Config\Cache), false)
#10 C:\xampp\htdocs\commerce\public\index.php(79): CodeIgniter\CodeIgniter->run()
#11 C:\xampp\htdocs\commerce\system\Commands\Server\rewrite.php(47): require_once('C:\\xampp\\htdocs...')
#12 {main}
CRITICAL - 2023-11-10 09:42:14 --> Unknown column 'id' in 'where clause'
in SYSTEMPATH\Database\BaseConnection.php on line 647.
 1 SYSTEMPATH\Database\BaseBuilder.php(2790): CodeIgniter\Database\BaseConnection->query('DELETE FROM `keranjang`
WHERE `id` IN :id:', [...], false)
 2 SYSTEMPATH\Model.php(445): CodeIgniter\Database\BaseBuilder->delete()
 3 SYSTEMPATH\BaseModel.php(1080): CodeIgniter\Model->doDelete([...], false)
 4 APPPATH\Controllers\Keranjang.php(36): CodeIgniter\BaseModel->delete([...])
 5 SYSTEMPATH\CodeIgniter.php(942): App\Controllers\Keranjang->hapus('1089560460')
 6 SYSTEMPATH\CodeIgniter.php(502): CodeIgniter\CodeIgniter->runController(Object(App\Controllers\Keranjang))
 7 SYSTEMPATH\CodeIgniter.php(361): CodeIgniter\CodeIgniter->handleRequest(null, Object(Config\Cache), false)
 8 FCPATH\index.php(79): CodeIgniter\CodeIgniter->run()
 9 SYSTEMPATH\Commands\Server\rewrite.php(47): require_once('C:\\xampp\\htdocs\\commerce\\public\\index.php')
ERROR - 2023-11-10 09:43:20 --> mysqli_sql_exception: Unknown column 'id' in 'where clause' in C:\xampp\htdocs\commerce\system\Database\MySQLi\Connection.php:306
Stack trace:
#0 C:\xampp\htdocs\commerce\system\Database\MySQLi\Connection.php(306): mysqli->query('DELETE FROM `ke...', 0)
#1 C:\xampp\htdocs\commerce\system\Database\BaseConnection.php(693): CodeIgniter\Database\MySQLi\Connection->execute('DELETE FROM `ke...')
#2 C:\xampp\htdocs\commerce\system\Database\BaseConnection.php(607): CodeIgniter\Database\BaseConnection->simpleQuery('DELETE FROM `ke...')
#3 C:\xampp\htdocs\commerce\system\Database\BaseBuilder.php(2790): CodeIgniter\Database\BaseConnection->query('DELETE FROM `ke...', Array, false)
#4 C:\xampp\htdocs\commerce\system\Model.php(445): CodeIgniter\Database\BaseBuilder->delete()
#5 C:\xampp\htdocs\commerce\system\BaseModel.php(1080): CodeIgniter\Model->doDelete(Array, false)
#6 C:\xampp\htdocs\commerce\app\Controllers\Keranjang.php(36): CodeIgniter\BaseModel->delete(Array)
#7 C:\xampp\htdocs\commerce\system\CodeIgniter.php(942): App\Controllers\Keranjang->hapus('1089560460')
#8 C:\xampp\htdocs\commerce\system\CodeIgniter.php(502): CodeIgniter\CodeIgniter->runController(Object(App\Controllers\Keranjang))
#9 C:\xampp\htdocs\commerce\system\CodeIgniter.php(361): CodeIgniter\CodeIgniter->handleRequest(NULL, Object(Config\Cache), false)
#10 C:\xampp\htdocs\commerce\public\index.php(79): CodeIgniter\CodeIgniter->run()
#11 C:\xampp\htdocs\commerce\system\Commands\Server\rewrite.php(47): require_once('C:\\xampp\\htdocs...')
#12 {main}
CRITICAL - 2023-11-10 09:43:20 --> Unknown column 'id' in 'where clause'
in SYSTEMPATH\Database\BaseConnection.php on line 647.
 1 SYSTEMPATH\Database\BaseBuilder.php(2790): CodeIgniter\Database\BaseConnection->query('DELETE FROM `keranjang`
WHERE `id` IN :id:', [...], false)
 2 SYSTEMPATH\Model.php(445): CodeIgniter\Database\BaseBuilder->delete()
 3 SYSTEMPATH\BaseModel.php(1080): CodeIgniter\Model->doDelete([...], false)
 4 APPPATH\Controllers\Keranjang.php(36): CodeIgniter\BaseModel->delete([...])
 5 SYSTEMPATH\CodeIgniter.php(942): App\Controllers\Keranjang->hapus('1089560460')
 6 SYSTEMPATH\CodeIgniter.php(502): CodeIgniter\CodeIgniter->runController(Object(App\Controllers\Keranjang))
 7 SYSTEMPATH\CodeIgniter.php(361): CodeIgniter\CodeIgniter->handleRequest(null, Object(Config\Cache), false)
 8 FCPATH\index.php(79): CodeIgniter\CodeIgniter->run()
 9 SYSTEMPATH\Commands\Server\rewrite.php(47): require_once('C:\\xampp\\htdocs\\commerce\\public\\index.php')
ERROR - 2023-11-10 09:48:14 --> mysqli_sql_exception: Unknown column 'id' in 'where clause' in C:\xampp\htdocs\commerce\system\Database\MySQLi\Connection.php:306
Stack trace:
#0 C:\xampp\htdocs\commerce\system\Database\MySQLi\Connection.php(306): mysqli->query('DELETE FROM `ke...', 0)
#1 C:\xampp\htdocs\commerce\system\Database\BaseConnection.php(693): CodeIgniter\Database\MySQLi\Connection->execute('DELETE FROM `ke...')
#2 C:\xampp\htdocs\commerce\system\Database\BaseConnection.php(607): CodeIgniter\Database\BaseConnection->simpleQuery('DELETE FROM `ke...')
#3 C:\xampp\htdocs\commerce\system\Database\BaseBuilder.php(2790): CodeIgniter\Database\BaseConnection->query('DELETE FROM `ke...', Array, false)
#4 C:\xampp\htdocs\commerce\system\Model.php(445): CodeIgniter\Database\BaseBuilder->delete()
#5 C:\xampp\htdocs\commerce\system\BaseModel.php(1080): CodeIgniter\Model->doDelete(Array, false)
#6 C:\xampp\htdocs\commerce\app\Controllers\Keranjang.php(36): CodeIgniter\BaseModel->delete(Array)
#7 C:\xampp\htdocs\commerce\system\CodeIgniter.php(942): App\Controllers\Keranjang->hapus('1089560460')
#8 C:\xampp\htdocs\commerce\system\CodeIgniter.php(502): CodeIgniter\CodeIgniter->runController(Object(App\Controllers\Keranjang))
#9 C:\xampp\htdocs\commerce\system\CodeIgniter.php(361): CodeIgniter\CodeIgniter->handleRequest(NULL, Object(Config\Cache), false)
#10 C:\xampp\htdocs\commerce\public\index.php(79): CodeIgniter\CodeIgniter->run()
#11 C:\xampp\htdocs\commerce\system\Commands\Server\rewrite.php(47): require_once('C:\\xampp\\htdocs...')
#12 {main}
CRITICAL - 2023-11-10 09:48:14 --> Unknown column 'id' in 'where clause'
in SYSTEMPATH\Database\BaseConnection.php on line 647.
 1 SYSTEMPATH\Database\BaseBuilder.php(2790): CodeIgniter\Database\BaseConnection->query('DELETE FROM `keranjang`
WHERE `id` IN :id:', [...], false)
 2 SYSTEMPATH\Model.php(445): CodeIgniter\Database\BaseBuilder->delete()
 3 SYSTEMPATH\BaseModel.php(1080): CodeIgniter\Model->doDelete([...], false)
 4 APPPATH\Controllers\Keranjang.php(36): CodeIgniter\BaseModel->delete([...])
 5 SYSTEMPATH\CodeIgniter.php(942): App\Controllers\Keranjang->hapus('1089560460')
 6 SYSTEMPATH\CodeIgniter.php(502): CodeIgniter\CodeIgniter->runController(Object(App\Controllers\Keranjang))
 7 SYSTEMPATH\CodeIgniter.php(361): CodeIgniter\CodeIgniter->handleRequest(null, Object(Config\Cache), false)
 8 FCPATH\index.php(79): CodeIgniter\CodeIgniter->run()
 9 SYSTEMPATH\Commands\Server\rewrite.php(47): require_once('C:\\xampp\\htdocs\\commerce\\public\\index.php')
ERROR - 2023-11-10 10:04:35 --> mysqli_sql_exception: Unknown column 'id_pesanan' in 'where clause' in C:\xampp\htdocs\commerce\system\Database\MySQLi\Connection.php:306
Stack trace:
#0 C:\xampp\htdocs\commerce\system\Database\MySQLi\Connection.php(306): mysqli->query('DELETE FROM `pr...', 0)
#1 C:\xampp\htdocs\commerce\system\Database\BaseConnection.php(693): CodeIgniter\Database\MySQLi\Connection->execute('DELETE FROM `pr...')
#2 C:\xampp\htdocs\commerce\system\Database\BaseConnection.php(607): CodeIgniter\Database\BaseConnection->simpleQuery('DELETE FROM `pr...')
#3 C:\xampp\htdocs\commerce\system\Database\BaseBuilder.php(2790): CodeIgniter\Database\BaseConnection->query('DELETE FROM `pr...', Array, false)
#4 C:\xampp\htdocs\commerce\app\Controllers\Keranjang.php(37): CodeIgniter\Database\BaseBuilder->delete(Array)
#5 C:\xampp\htdocs\commerce\system\CodeIgniter.php(942): App\Controllers\Keranjang->hapus('1089560460')
#6 C:\xampp\htdocs\commerce\system\CodeIgniter.php(502): CodeIgniter\CodeIgniter->runController(Object(App\Controllers\Keranjang))
#7 C:\xampp\htdocs\commerce\system\CodeIgniter.php(361): CodeIgniter\CodeIgniter->handleRequest(NULL, Object(Config\Cache), false)
#8 C:\xampp\htdocs\commerce\public\index.php(79): CodeIgniter\CodeIgniter->run()
#9 C:\xampp\htdocs\commerce\system\Commands\Server\rewrite.php(47): require_once('C:\\xampp\\htdocs...')
#10 {main}
CRITICAL - 2023-11-10 10:04:35 --> Unknown column 'id_pesanan' in 'where clause'
in SYSTEMPATH\Database\BaseConnection.php on line 647.
 1 SYSTEMPATH\Database\BaseBuilder.php(2790): CodeIgniter\Database\BaseConnection->query('DELETE FROM `product`
WHERE `id_pesanan` = :id_pesanan:
AND `id_pesanan` = :id_pesanan.1:', [...], false)
 2 APPPATH\Controllers\Keranjang.php(37): CodeIgniter\Database\BaseBuilder->delete([...])
 3 SYSTEMPATH\CodeIgniter.php(942): App\Controllers\Keranjang->hapus('1089560460')
 4 SYSTEMPATH\CodeIgniter.php(502): CodeIgniter\CodeIgniter->runController(Object(App\Controllers\Keranjang))
 5 SYSTEMPATH\CodeIgniter.php(361): CodeIgniter\CodeIgniter->handleRequest(null, Object(Config\Cache), false)
 6 FCPATH\index.php(79): CodeIgniter\CodeIgniter->run()
 7 SYSTEMPATH\Commands\Server\rewrite.php(47): require_once('C:\\xampp\\htdocs\\commerce\\public\\index.php')
INFO - 2023-11-10 10:06:27 --> Session: Class initialized using 'CodeIgniter\Session\Handlers\FileHandler' driver.
