CRITICAL - 2023-10-31 01:37:08 --> Undefined property: CodeIgniter\View\View::$url
in APPPATH\Views\Layout\sidebar.php on line 25.
 1 APPPATH\Views\Layout\sidebar.php(25): CodeIgniter\Debug\Exceptions->errorHandler(8, 'Undefined property: CodeIgniter\\View\\View::$url', 'C:\\xampp\\htdocs\\commerce\\app\\Views\\Layout\\sidebar.php', 25, [...])
 2 SYSTEMPATH\View\View.php(228): include('C:\\xampp\\htdocs\\commerce\\app\\Views\\Layout\\sidebar.php')
 3 SYSTEMPATH\View\View.php(231): CodeIgniter\View\View->CodeIgniter\View\{closure}()
 4 SYSTEMPATH\View\View.php(469): CodeIgniter\View\View->render('Layout/sidebar', null, true)
 5 APPPATH\Views\Layout\master.php(26): CodeIgniter\View\View->include('Layout/sidebar')
 6 SYSTEMPATH\View\View.php(228): include('C:\\xampp\\htdocs\\commerce\\app\\Views\\Layout\\master.php')
 7 SYSTEMPATH\View\View.php(231): CodeIgniter\View\View->CodeIgniter\View\{closure}()
 8 SYSTEMPATH\View\View.php(244): CodeIgniter\View\View->render('Layout/master', [], true)
 9 SYSTEMPATH\Common.php(1190): CodeIgniter\View\View->render('Produk', [], true)
10 APPPATH\Controllers\Produk.php(18): view('Produk', [...])
11 SYSTEMPATH\CodeIgniter.php(942): App\Controllers\produk->Home()
12 SYSTEMPATH\CodeIgniter.php(502): CodeIgniter\CodeIgniter->runController(Object(App\Controllers\produk))
13 SYSTEMPATH\CodeIgniter.php(361): CodeIgniter\CodeIgniter->handleRequest(null, Object(Config\Cache), false)
14 FCPATH\index.php(79): CodeIgniter\CodeIgniter->run()
15 SYSTEMPATH\Commands\Server\rewrite.php(47): require_once('C:\\xampp\\htdocs\\commerce\\public\\index.php')
CRITICAL - 2023-10-31 01:37:26 --> Undefined property: CodeIgniter\View\View::$uri
in APPPATH\Views\Layout\sidebar.php on line 25.
 1 APPPATH\Views\Layout\sidebar.php(25): CodeIgniter\Debug\Exceptions->errorHandler(8, 'Undefined property: CodeIgniter\\View\\View::$uri', 'C:\\xampp\\htdocs\\commerce\\app\\Views\\Layout\\sidebar.php', 25, [...])
 2 SYSTEMPATH\View\View.php(228): include('C:\\xampp\\htdocs\\commerce\\app\\Views\\Layout\\sidebar.php')
 3 SYSTEMPATH\View\View.php(231): CodeIgniter\View\View->CodeIgniter\View\{closure}()
 4 SYSTEMPATH\View\View.php(469): CodeIgniter\View\View->render('Layout/sidebar', null, true)
 5 APPPATH\Views\Layout\master.php(26): CodeIgniter\View\View->include('Layout/sidebar')
 6 SYSTEMPATH\View\View.php(228): include('C:\\xampp\\htdocs\\commerce\\app\\Views\\Layout\\master.php')
 7 SYSTEMPATH\View\View.php(231): CodeIgniter\View\View->CodeIgniter\View\{closure}()
 8 SYSTEMPATH\View\View.php(244): CodeIgniter\View\View->render('Layout/master', [], true)
 9 SYSTEMPATH\Common.php(1190): CodeIgniter\View\View->render('Produk', [], true)
10 APPPATH\Controllers\Produk.php(18): view('Produk', [...])
11 SYSTEMPATH\CodeIgniter.php(942): App\Controllers\produk->Home()
12 SYSTEMPATH\CodeIgniter.php(502): CodeIgniter\CodeIgniter->runController(Object(App\Controllers\produk))
13 SYSTEMPATH\CodeIgniter.php(361): CodeIgniter\CodeIgniter->handleRequest(null, Object(Config\Cache), false)
14 FCPATH\index.php(79): CodeIgniter\CodeIgniter->run()
15 SYSTEMPATH\Commands\Server\rewrite.php(47): require_once('C:\\xampp\\htdocs\\commerce\\public\\index.php')
CRITICAL - 2023-10-31 01:37:58 --> Object of class CodeIgniter\View\View could not be converted to string
in APPPATH\Views\Layout\sidebar.php on line 25.
 1 SYSTEMPATH\View\View.php(228): include()
 2 SYSTEMPATH\View\View.php(231): CodeIgniter\View\View->CodeIgniter\View\{closure}()
 3 SYSTEMPATH\View\View.php(469): CodeIgniter\View\View->render('Layout/sidebar', null, true)
 4 APPPATH\Views\Layout\master.php(26): CodeIgniter\View\View->include('Layout/sidebar')
 5 SYSTEMPATH\View\View.php(228): include('C:\\xampp\\htdocs\\commerce\\app\\Views\\Layout\\master.php')
 6 SYSTEMPATH\View\View.php(231): CodeIgniter\View\View->CodeIgniter\View\{closure}()
 7 SYSTEMPATH\View\View.php(244): CodeIgniter\View\View->render('Layout/master', [], true)
 8 SYSTEMPATH\Common.php(1190): CodeIgniter\View\View->render('Produk', [], true)
 9 APPPATH\Controllers\Produk.php(18): view('Produk', [...])
10 SYSTEMPATH\CodeIgniter.php(942): App\Controllers\produk->Home()
11 SYSTEMPATH\CodeIgniter.php(502): CodeIgniter\CodeIgniter->runController(Object(App\Controllers\produk))
12 SYSTEMPATH\CodeIgniter.php(361): CodeIgniter\CodeIgniter->handleRequest(null, Object(Config\Cache), false)
13 FCPATH\index.php(79): CodeIgniter\CodeIgniter->run()
14 SYSTEMPATH\Commands\Server\rewrite.php(47): require_once('C:\\xampp\\htdocs\\commerce\\public\\index.php')
CRITICAL - 2023-10-31 01:39:52 --> Undefined variable: site_url
in APPPATH\Views\Layout\sidebar.php on line 25.
 1 APPPATH\Views\Layout\sidebar.php(25): CodeIgniter\Debug\Exceptions->errorHandler(8, 'Undefined variable: site_url', 'C:\\xampp\\htdocs\\commerce\\app\\Views\\Layout\\sidebar.php', 25, [...])
 2 SYSTEMPATH\View\View.php(228): include('C:\\xampp\\htdocs\\commerce\\app\\Views\\Layout\\sidebar.php')
 3 SYSTEMPATH\View\View.php(231): CodeIgniter\View\View->CodeIgniter\View\{closure}()
 4 SYSTEMPATH\View\View.php(469): CodeIgniter\View\View->render('Layout/sidebar', null, true)
 5 APPPATH\Views\Layout\master.php(26): CodeIgniter\View\View->include('Layout/sidebar')
 6 SYSTEMPATH\View\View.php(228): include('C:\\xampp\\htdocs\\commerce\\app\\Views\\Layout\\master.php')
 7 SYSTEMPATH\View\View.php(231): CodeIgniter\View\View->CodeIgniter\View\{closure}()
 8 SYSTEMPATH\View\View.php(244): CodeIgniter\View\View->render('Layout/master', [], true)
 9 SYSTEMPATH\Common.php(1190): CodeIgniter\View\View->render('Produk', [], true)
10 APPPATH\Controllers\Produk.php(18): view('Produk', [...])
11 SYSTEMPATH\CodeIgniter.php(942): App\Controllers\produk->Home()
12 SYSTEMPATH\CodeIgniter.php(502): CodeIgniter\CodeIgniter->runController(Object(App\Controllers\produk))
13 SYSTEMPATH\CodeIgniter.php(361): CodeIgniter\CodeIgniter->handleRequest(null, Object(Config\Cache), false)
14 FCPATH\index.php(79): CodeIgniter\CodeIgniter->run()
15 SYSTEMPATH\Commands\Server\rewrite.php(47): require_once('C:\\xampp\\htdocs\\commerce\\public\\index.php')
CRITICAL - 2023-10-31 01:40:35 --> Undefined variable: base_url
in APPPATH\Views\Layout\sidebar.php on line 25.
 1 APPPATH\Views\Layout\sidebar.php(25): CodeIgniter\Debug\Exceptions->errorHandler(8, 'Undefined variable: base_url', 'C:\\xampp\\htdocs\\commerce\\app\\Views\\Layout\\sidebar.php', 25, [...])
 2 SYSTEMPATH\View\View.php(228): include('C:\\xampp\\htdocs\\commerce\\app\\Views\\Layout\\sidebar.php')
 3 SYSTEMPATH\View\View.php(231): CodeIgniter\View\View->CodeIgniter\View\{closure}()
 4 SYSTEMPATH\View\View.php(469): CodeIgniter\View\View->render('Layout/sidebar', null, true)
 5 APPPATH\Views\Layout\master.php(26): CodeIgniter\View\View->include('Layout/sidebar')
 6 SYSTEMPATH\View\View.php(228): include('C:\\xampp\\htdocs\\commerce\\app\\Views\\Layout\\master.php')
 7 SYSTEMPATH\View\View.php(231): CodeIgniter\View\View->CodeIgniter\View\{closure}()
 8 SYSTEMPATH\View\View.php(244): CodeIgniter\View\View->render('Layout/master', [], true)
 9 SYSTEMPATH\Common.php(1190): CodeIgniter\View\View->render('Produk', [], true)
10 APPPATH\Controllers\Produk.php(18): view('Produk', [...])
11 SYSTEMPATH\CodeIgniter.php(942): App\Controllers\produk->Home()
12 SYSTEMPATH\CodeIgniter.php(502): CodeIgniter\CodeIgniter->runController(Object(App\Controllers\produk))
13 SYSTEMPATH\CodeIgniter.php(361): CodeIgniter\CodeIgniter->handleRequest(null, Object(Config\Cache), false)
14 FCPATH\index.php(79): CodeIgniter\CodeIgniter->run()
15 SYSTEMPATH\Commands\Server\rewrite.php(47): require_once('C:\\xampp\\htdocs\\commerce\\public\\index.php')
CRITICAL - 2023-10-31 01:41:58 --> Undefined property: CodeIgniter\View\View::$uri
in APPPATH\Views\Layout\sidebar.php on line 25.
 1 APPPATH\Views\Layout\sidebar.php(25): CodeIgniter\Debug\Exceptions->errorHandler(8, 'Undefined property: CodeIgniter\\View\\View::$uri', 'C:\\xampp\\htdocs\\commerce\\app\\Views\\Layout\\sidebar.php', 25, [...])
 2 SYSTEMPATH\View\View.php(228): include('C:\\xampp\\htdocs\\commerce\\app\\Views\\Layout\\sidebar.php')
 3 SYSTEMPATH\View\View.php(231): CodeIgniter\View\View->CodeIgniter\View\{closure}()
 4 SYSTEMPATH\View\View.php(469): CodeIgniter\View\View->render('Layout/sidebar', null, true)
 5 APPPATH\Views\Layout\master.php(26): CodeIgniter\View\View->include('Layout/sidebar')
 6 SYSTEMPATH\View\View.php(228): include('C:\\xampp\\htdocs\\commerce\\app\\Views\\Layout\\master.php')
 7 SYSTEMPATH\View\View.php(231): CodeIgniter\View\View->CodeIgniter\View\{closure}()
 8 SYSTEMPATH\View\View.php(244): CodeIgniter\View\View->render('Layout/master', [], true)
 9 SYSTEMPATH\Common.php(1190): CodeIgniter\View\View->render('Produk', [], true)
10 APPPATH\Controllers\Produk.php(18): view('Produk', [...])
11 SYSTEMPATH\CodeIgniter.php(942): App\Controllers\produk->Home()
12 SYSTEMPATH\CodeIgniter.php(502): CodeIgniter\CodeIgniter->runController(Object(App\Controllers\produk))
13 SYSTEMPATH\CodeIgniter.php(361): CodeIgniter\CodeIgniter->handleRequest(null, Object(Config\Cache), false)
14 FCPATH\index.php(79): CodeIgniter\CodeIgniter->run()
15 SYSTEMPATH\Commands\Server\rewrite.php(47): require_once('C:\\xampp\\htdocs\\commerce\\public\\index.php')
CRITICAL - 2023-10-31 02:04:47 --> syntax error, unexpected '}', expecting ';'
in APPPATH\Controllers\Produk.php on line 25.
 1 SYSTEMPATH\Autoloader\Autoloader.php(291): CodeIgniter\Autoloader\Autoloader->includeFile('C:\\xampp\\htdocs\\commerce\\app\\Controllers\\Produk.php')
 2 SYSTEMPATH\Autoloader\Autoloader.php(269): CodeIgniter\Autoloader\Autoloader->loadInNamespace('App\\Controllers\\Produk')
 3 [internal function]: CodeIgniter\Autoloader\Autoloader->loadClass('App\\Controllers\\Produk')
 4 [internal function]: spl_autoload_call('App\\Controllers\\Produk')
 5 SYSTEMPATH\CodeIgniter.php(900): class_exists('\\App\\Controllers\\Produk', true)
 6 SYSTEMPATH\CodeIgniter.php(489): CodeIgniter\CodeIgniter->startController()
 7 SYSTEMPATH\CodeIgniter.php(361): CodeIgniter\CodeIgniter->handleRequest(null, Object(Config\Cache), false)
 8 FCPATH\index.php(79): CodeIgniter\CodeIgniter->run()
 9 SYSTEMPATH\Commands\Server\rewrite.php(47): require_once('C:\\xampp\\htdocs\\commerce\\public\\index.php')
CRITICAL - 2023-10-31 02:06:07 --> Undefined variable: title
in APPPATH\Views\Layout\master.php on line 7.
 1 APPPATH\Views\Layout\master.php(7): CodeIgniter\Debug\Exceptions->errorHandler(8, 'Undefined variable: title', 'C:\\xampp\\htdocs\\commerce\\app\\Views\\Layout\\master.php', 7, [])
 2 SYSTEMPATH\View\View.php(228): include('C:\\xampp\\htdocs\\commerce\\app\\Views\\Layout\\master.php')
 3 SYSTEMPATH\View\View.php(231): CodeIgniter\View\View->CodeIgniter\View\{closure}()
 4 SYSTEMPATH\View\View.php(244): CodeIgniter\View\View->render('Layout/master', [], true)
 5 SYSTEMPATH\Common.php(1190): CodeIgniter\View\View->render('page/Pemesanan', [], true)
 6 APPPATH\Controllers\Produk.php(24): view('page/Pemesanan')
 7 SYSTEMPATH\CodeIgniter.php(942): App\Controllers\produk->pemesanan()
 8 SYSTEMPATH\CodeIgniter.php(502): CodeIgniter\CodeIgniter->runController(Object(App\Controllers\produk))
 9 SYSTEMPATH\CodeIgniter.php(361): CodeIgniter\CodeIgniter->handleRequest(null, Object(Config\Cache), false)
10 FCPATH\index.php(79): CodeIgniter\CodeIgniter->run()
11 SYSTEMPATH\Commands\Server\rewrite.php(47): require_once('C:\\xampp\\htdocs\\commerce\\public\\index.php')
CRITICAL - 2023-10-31 02:24:25 --> Undefined variable: page
in APPPATH\Views\Layout\sidebar.php on line 26.
 1 APPPATH\Views\Layout\sidebar.php(26): CodeIgniter\Debug\Exceptions->errorHandler(8, 'Undefined variable: page', 'C:\\xampp\\htdocs\\commerce\\app\\Views\\Layout\\sidebar.php', 26, [...])
 2 SYSTEMPATH\View\View.php(228): include('C:\\xampp\\htdocs\\commerce\\app\\Views\\Layout\\sidebar.php')
 3 SYSTEMPATH\View\View.php(231): CodeIgniter\View\View->CodeIgniter\View\{closure}()
 4 SYSTEMPATH\View\View.php(469): CodeIgniter\View\View->render('Layout/sidebar', null, true)
 5 APPPATH\Views\Layout\master.php(26): CodeIgniter\View\View->include('Layout/sidebar')
 6 SYSTEMPATH\View\View.php(228): include('C:\\xampp\\htdocs\\commerce\\app\\Views\\Layout\\master.php')
 7 SYSTEMPATH\View\View.php(231): CodeIgniter\View\View->CodeIgniter\View\{closure}()
 8 SYSTEMPATH\View\View.php(244): CodeIgniter\View\View->render('Layout/master', [], true)
 9 SYSTEMPATH\Common.php(1190): CodeIgniter\View\View->render('page/Pemesanan', [], true)
10 APPPATH\Controllers\Produk.php(24): view('page/Pemesanan', [...])
11 SYSTEMPATH\CodeIgniter.php(942): App\Controllers\produk->pemesanan()
12 SYSTEMPATH\CodeIgniter.php(502): CodeIgniter\CodeIgniter->runController(Object(App\Controllers\produk))
13 SYSTEMPATH\CodeIgniter.php(361): CodeIgniter\CodeIgniter->handleRequest(null, Object(Config\Cache), false)
14 FCPATH\index.php(79): CodeIgniter\CodeIgniter->run()
15 SYSTEMPATH\Commands\Server\rewrite.php(47): require_once('C:\\xampp\\htdocs\\commerce\\public\\index.php')
CRITICAL - 2023-10-31 03:02:01 --> Undefined variable: raw_pemesanan
in APPPATH\Views\page\Pemesanan.php on line 17.
 1 APPPATH\Views\page\Pemesanan.php(17): CodeIgniter\Debug\Exceptions->errorHandler(8, 'Undefined variable: raw_pemesanan', 'C:\\xampp\\htdocs\\commerce\\app\\Views\\page\\Pemesanan.php', 17, [...])
 2 SYSTEMPATH\View\View.php(228): include('C:\\xampp\\htdocs\\commerce\\app\\Views\\page\\Pemesanan.php')
 3 SYSTEMPATH\View\View.php(231): CodeIgniter\View\View->CodeIgniter\View\{closure}()
 4 SYSTEMPATH\Common.php(1190): CodeIgniter\View\View->render('page/Pemesanan', [], true)
 5 APPPATH\Controllers\Produk.php(24): view('page/Pemesanan', [...])
 6 SYSTEMPATH\CodeIgniter.php(942): App\Controllers\produk->pemesanan()
 7 SYSTEMPATH\CodeIgniter.php(502): CodeIgniter\CodeIgniter->runController(Object(App\Controllers\produk))
 8 SYSTEMPATH\CodeIgniter.php(361): CodeIgniter\CodeIgniter->handleRequest(null, Object(Config\Cache), false)
 9 FCPATH\index.php(79): CodeIgniter\CodeIgniter->run()
10 SYSTEMPATH\Commands\Server\rewrite.php(47): require_once('C:\\xampp\\htdocs\\commerce\\public\\index.php')
CRITICAL - 2023-10-31 03:03:34 --> Undefined variable: raw_pemesanan
in APPPATH\Views\page\Pemesanan.php on line 17.
 1 APPPATH\Views\page\Pemesanan.php(17): CodeIgniter\Debug\Exceptions->errorHandler(8, 'Undefined variable: raw_pemesanan', 'C:\\xampp\\htdocs\\commerce\\app\\Views\\page\\Pemesanan.php', 17, [...])
 2 SYSTEMPATH\View\View.php(228): include('C:\\xampp\\htdocs\\commerce\\app\\Views\\page\\Pemesanan.php')
 3 SYSTEMPATH\View\View.php(231): CodeIgniter\View\View->CodeIgniter\View\{closure}()
 4 SYSTEMPATH\Common.php(1190): CodeIgniter\View\View->render('page/Pemesanan', [], true)
 5 APPPATH\Controllers\Produk.php(24): view('page/Pemesanan', [...])
 6 SYSTEMPATH\CodeIgniter.php(942): App\Controllers\produk->pemesanan()
 7 SYSTEMPATH\CodeIgniter.php(502): CodeIgniter\CodeIgniter->runController(Object(App\Controllers\produk))
 8 SYSTEMPATH\CodeIgniter.php(361): CodeIgniter\CodeIgniter->handleRequest(null, Object(Config\Cache), false)
 9 FCPATH\index.php(79): CodeIgniter\CodeIgniter->run()
10 SYSTEMPATH\Commands\Server\rewrite.php(47): require_once('C:\\xampp\\htdocs\\commerce\\public\\index.php')
CRITICAL - 2023-10-31 03:03:58 --> Undefined variable: raw_pemesanan
in APPPATH\Views\page\Pemesanan.php on line 17.
 1 APPPATH\Views\page\Pemesanan.php(17): CodeIgniter\Debug\Exceptions->errorHandler(8, 'Undefined variable: raw_pemesanan', 'C:\\xampp\\htdocs\\commerce\\app\\Views\\page\\Pemesanan.php', 17, [...])
 2 SYSTEMPATH\View\View.php(228): include('C:\\xampp\\htdocs\\commerce\\app\\Views\\page\\Pemesanan.php')
 3 SYSTEMPATH\View\View.php(231): CodeIgniter\View\View->CodeIgniter\View\{closure}()
 4 SYSTEMPATH\Common.php(1190): CodeIgniter\View\View->render('page/Pemesanan', [], true)
 5 APPPATH\Controllers\Produk.php(24): view('page/Pemesanan', [...])
 6 SYSTEMPATH\CodeIgniter.php(942): App\Controllers\produk->pemesanan()
 7 SYSTEMPATH\CodeIgniter.php(502): CodeIgniter\CodeIgniter->runController(Object(App\Controllers\produk))
 8 SYSTEMPATH\CodeIgniter.php(361): CodeIgniter\CodeIgniter->handleRequest(null, Object(Config\Cache), false)
 9 FCPATH\index.php(79): CodeIgniter\CodeIgniter->run()
10 SYSTEMPATH\Commands\Server\rewrite.php(47): require_once('C:\\xampp\\htdocs\\commerce\\public\\index.php')
CRITICAL - 2023-10-31 03:05:22 --> syntax error, unexpected 'endforeach' (T_ENDFOREACH), expecting end of file
in APPPATH\Views\page\Pemesanan.php on line 26.
 1 SYSTEMPATH\View\View.php(231): CodeIgniter\View\View->CodeIgniter\View\{closure}()
 2 SYSTEMPATH\Common.php(1190): CodeIgniter\View\View->render('page/Pemesanan', [], true)
 3 APPPATH\Controllers\Produk.php(24): view('page/Pemesanan', [...])
 4 SYSTEMPATH\CodeIgniter.php(942): App\Controllers\produk->pemesanan()
 5 SYSTEMPATH\CodeIgniter.php(502): CodeIgniter\CodeIgniter->runController(Object(App\Controllers\produk))
 6 SYSTEMPATH\CodeIgniter.php(361): CodeIgniter\CodeIgniter->handleRequest(null, Object(Config\Cache), false)
 7 FCPATH\index.php(79): CodeIgniter\CodeIgniter->run()
 8 SYSTEMPATH\Commands\Server\rewrite.php(47): require_once('C:\\xampp\\htdocs\\commerce\\public\\index.php')
CRITICAL - 2023-10-31 03:07:14 --> Undefined variable: data
in APPPATH\Views\page\Pemesanan.php on line 17.
 1 APPPATH\Views\page\Pemesanan.php(17): CodeIgniter\Debug\Exceptions->errorHandler(8, 'Undefined variable: data', 'C:\\xampp\\htdocs\\commerce\\app\\Views\\page\\Pemesanan.php', 17, [...])
 2 SYSTEMPATH\View\View.php(228): include('C:\\xampp\\htdocs\\commerce\\app\\Views\\page\\Pemesanan.php')
 3 SYSTEMPATH\View\View.php(231): CodeIgniter\View\View->CodeIgniter\View\{closure}()
 4 SYSTEMPATH\Common.php(1190): CodeIgniter\View\View->render('page/Pemesanan', [], true)
 5 APPPATH\Controllers\Produk.php(24): view('page/Pemesanan', [...])
 6 SYSTEMPATH\CodeIgniter.php(942): App\Controllers\produk->pemesanan()
 7 SYSTEMPATH\CodeIgniter.php(502): CodeIgniter\CodeIgniter->runController(Object(App\Controllers\produk))
 8 SYSTEMPATH\CodeIgniter.php(361): CodeIgniter\CodeIgniter->handleRequest(null, Object(Config\Cache), false)
 9 FCPATH\index.php(79): CodeIgniter\CodeIgniter->run()
10 SYSTEMPATH\Commands\Server\rewrite.php(47): require_once('C:\\xampp\\htdocs\\commerce\\public\\index.php')
CRITICAL - 2023-10-31 03:08:49 --> Undefined variable: data
in APPPATH\Views\page\Pemesanan.php on line 17.
 1 APPPATH\Views\page\Pemesanan.php(17): CodeIgniter\Debug\Exceptions->errorHandler(8, 'Undefined variable: data', 'C:\\xampp\\htdocs\\commerce\\app\\Views\\page\\Pemesanan.php', 17, [...])
 2 SYSTEMPATH\View\View.php(228): include('C:\\xampp\\htdocs\\commerce\\app\\Views\\page\\Pemesanan.php')
 3 SYSTEMPATH\View\View.php(231): CodeIgniter\View\View->CodeIgniter\View\{closure}()
 4 SYSTEMPATH\Common.php(1190): CodeIgniter\View\View->render('page/Pemesanan', [], true)
 5 APPPATH\Controllers\Pemesanan.php(18): view('page/Pemesanan', [...])
 6 SYSTEMPATH\CodeIgniter.php(942): App\Controllers\pemesanan->home()
 7 SYSTEMPATH\CodeIgniter.php(502): CodeIgniter\CodeIgniter->runController(Object(App\Controllers\pemesanan))
 8 SYSTEMPATH\CodeIgniter.php(361): CodeIgniter\CodeIgniter->handleRequest(null, Object(Config\Cache), false)
 9 FCPATH\index.php(79): CodeIgniter\CodeIgniter->run()
10 SYSTEMPATH\Commands\Server\rewrite.php(47): require_once('C:\\xampp\\htdocs\\commerce\\public\\index.php')
CRITICAL - 2023-10-31 03:10:55 --> Undefined index: Nama
in APPPATH\Views\page\Pemesanan.php on line 20.
 1 APPPATH\Views\page\Pemesanan.php(20): CodeIgniter\Debug\Exceptions->errorHandler(8, 'Undefined index: Nama', 'C:\\xampp\\htdocs\\commerce\\app\\Views\\page\\Pemesanan.php', 20, [...])
 2 SYSTEMPATH\View\View.php(228): include('C:\\xampp\\htdocs\\commerce\\app\\Views\\page\\Pemesanan.php')
 3 SYSTEMPATH\View\View.php(231): CodeIgniter\View\View->CodeIgniter\View\{closure}()
 4 SYSTEMPATH\Common.php(1190): CodeIgniter\View\View->render('page/Pemesanan', [], true)
 5 APPPATH\Controllers\Pemesanan.php(18): view('page/Pemesanan', [...])
 6 SYSTEMPATH\CodeIgniter.php(942): App\Controllers\pemesanan->home()
 7 SYSTEMPATH\CodeIgniter.php(502): CodeIgniter\CodeIgniter->runController(Object(App\Controllers\pemesanan))
 8 SYSTEMPATH\CodeIgniter.php(361): CodeIgniter\CodeIgniter->handleRequest(null, Object(Config\Cache), false)
 9 FCPATH\index.php(79): CodeIgniter\CodeIgniter->run()
10 SYSTEMPATH\Commands\Server\rewrite.php(47): require_once('C:\\xampp\\htdocs\\commerce\\public\\index.php')
CRITICAL - 2023-10-31 03:11:38 --> Undefined index: harga-total
in APPPATH\Views\page\Pemesanan.php on line 22.
 1 APPPATH\Views\page\Pemesanan.php(22): CodeIgniter\Debug\Exceptions->errorHandler(8, 'Undefined index: harga-total', 'C:\\xampp\\htdocs\\commerce\\app\\Views\\page\\Pemesanan.php', 22, [...])
 2 SYSTEMPATH\View\View.php(228): include('C:\\xampp\\htdocs\\commerce\\app\\Views\\page\\Pemesanan.php')
 3 SYSTEMPATH\View\View.php(231): CodeIgniter\View\View->CodeIgniter\View\{closure}()
 4 SYSTEMPATH\Common.php(1190): CodeIgniter\View\View->render('page/Pemesanan', [], true)
 5 APPPATH\Controllers\Pemesanan.php(18): view('page/Pemesanan', [...])
 6 SYSTEMPATH\CodeIgniter.php(942): App\Controllers\pemesanan->home()
 7 SYSTEMPATH\CodeIgniter.php(502): CodeIgniter\CodeIgniter->runController(Object(App\Controllers\pemesanan))
 8 SYSTEMPATH\CodeIgniter.php(361): CodeIgniter\CodeIgniter->handleRequest(null, Object(Config\Cache), false)
 9 FCPATH\index.php(79): CodeIgniter\CodeIgniter->run()
10 SYSTEMPATH\Commands\Server\rewrite.php(47): require_once('C:\\xampp\\htdocs\\commerce\\public\\index.php')
INFO - 2023-10-31 06:48:05 --> Session: Class initialized using 'CodeIgniter\Session\Handlers\FileHandler' driver.
INFO - 2023-10-31 06:48:56 --> Session: Class initialized using 'CodeIgniter\Session\Handlers\FileHandler' driver.
INFO - 2023-10-31 06:49:12 --> Session: Class initialized using 'CodeIgniter\Session\Handlers\FileHandler' driver.
INFO - 2023-10-31 06:49:20 --> Session: Class initialized using 'CodeIgniter\Session\Handlers\FileHandler' driver.
INFO - 2023-10-31 06:49:51 --> Session: Class initialized using 'CodeIgniter\Session\Handlers\FileHandler' driver.
INFO - 2023-10-31 06:50:56 --> Session: Class initialized using 'CodeIgniter\Session\Handlers\FileHandler' driver.
CRITICAL - 2023-10-31 06:52:13 --> Undefined property: App\Controllers\produk::$produkModel
in APPPATH\Controllers\Produk.php on line 30.
 1 APPPATH\Controllers\Produk.php(30): CodeIgniter\Debug\Exceptions->errorHandler(8, 'Undefined property: App\\Controllers\\produk::$produkModel', 'C:\\xampp\\htdocs\\commerce\\app\\Controllers\\Produk.php', 30, [])
 2 SYSTEMPATH\CodeIgniter.php(942): App\Controllers\produk->save()
 3 SYSTEMPATH\CodeIgniter.php(502): CodeIgniter\CodeIgniter->runController(Object(App\Controllers\produk))
 4 SYSTEMPATH\CodeIgniter.php(361): CodeIgniter\CodeIgniter->handleRequest(null, Object(Config\Cache), false)
 5 FCPATH\index.php(79): CodeIgniter\CodeIgniter->run()
 6 SYSTEMPATH\Commands\Server\rewrite.php(47): require_once('C:\\xampp\\htdocs\\commerce\\public\\index.php')
CRITICAL - 2023-10-31 06:54:46 --> Undefined property: App\Controllers\produk::$produkModel
in APPPATH\Controllers\Produk.php on line 31.
 1 APPPATH\Controllers\Produk.php(31): CodeIgniter\Debug\Exceptions->errorHandler(8, 'Undefined property: App\\Controllers\\produk::$produkModel', 'C:\\xampp\\htdocs\\commerce\\app\\Controllers\\Produk.php', 31, [...])
 2 SYSTEMPATH\CodeIgniter.php(942): App\Controllers\produk->save()
 3 SYSTEMPATH\CodeIgniter.php(502): CodeIgniter\CodeIgniter->runController(Object(App\Controllers\produk))
 4 SYSTEMPATH\CodeIgniter.php(361): CodeIgniter\CodeIgniter->handleRequest(null, Object(Config\Cache), false)
 5 FCPATH\index.php(79): CodeIgniter\CodeIgniter->run()
 6 SYSTEMPATH\Commands\Server\rewrite.php(47): require_once('C:\\xampp\\htdocs\\commerce\\public\\index.php')
CRITICAL - 2023-10-31 06:55:18 --> Allowed fields must be specified for model: "App\Models\ProdukModel"
in SYSTEMPATH\Model.php on line 736.
 1 SYSTEMPATH\Model.php(736): CodeIgniter\Database\Exceptions\DataException::forInvalidAllowedFields('App\\Models\\ProdukModel')
 2 SYSTEMPATH\BaseModel.php(763): CodeIgniter\Model->doProtectFieldsForInsert([...])
 3 SYSTEMPATH\Model.php(715): CodeIgniter\BaseModel->insert([...], false)
 4 SYSTEMPATH\BaseModel.php(698): CodeIgniter\Model->insert([...], false)
 5 APPPATH\Controllers\Produk.php(36): CodeIgniter\BaseModel->save([...])
 6 SYSTEMPATH\CodeIgniter.php(942): App\Controllers\produk->save()
 7 SYSTEMPATH\CodeIgniter.php(502): CodeIgniter\CodeIgniter->runController(Object(App\Controllers\produk))
 8 SYSTEMPATH\CodeIgniter.php(361): CodeIgniter\CodeIgniter->handleRequest(null, Object(Config\Cache), false)
 9 FCPATH\index.php(79): CodeIgniter\CodeIgniter->run()
10 SYSTEMPATH\Commands\Server\rewrite.php(47): require_once('C:\\xampp\\htdocs\\commerce\\public\\index.php')
INFO - 2023-10-31 06:57:45 --> Session: Class initialized using 'CodeIgniter\Session\Handlers\FileHandler' driver.
INFO - 2023-10-31 06:57:45 --> Session: Class initialized using 'CodeIgniter\Session\Handlers\FileHandler' driver.
INFO - 2023-10-31 06:58:25 --> Session: Class initialized using 'CodeIgniter\Session\Handlers\FileHandler' driver.
INFO - 2023-10-31 06:59:12 --> Session: Class initialized using 'CodeIgniter\Session\Handlers\FileHandler' driver.
INFO - 2023-10-31 06:59:24 --> Session: Class initialized using 'CodeIgniter\Session\Handlers\FileHandler' driver.
INFO - 2023-10-31 06:59:25 --> Session: Class initialized using 'CodeIgniter\Session\Handlers\FileHandler' driver.
INFO - 2023-10-31 06:59:41 --> Session: Class initialized using 'CodeIgniter\Session\Handlers\FileHandler' driver.
INFO - 2023-10-31 07:02:57 --> Session: Class initialized using 'CodeIgniter\Session\Handlers\FileHandler' driver.
INFO - 2023-10-31 07:03:25 --> Session: Class initialized using 'CodeIgniter\Session\Handlers\FileHandler' driver.
CRITICAL - 2023-10-31 07:03:25 --> Undefined variable: raw_produk
in APPPATH\Views\page\Produk.php on line 27.
 1 APPPATH\Views\page\Produk.php(27): CodeIgniter\Debug\Exceptions->errorHandler(8, 'Undefined variable: raw_produk', 'C:\\xampp\\htdocs\\commerce\\app\\Views\\page\\Produk.php', 27, [...])
 2 SYSTEMPATH\View\View.php(228): include('C:\\xampp\\htdocs\\commerce\\app\\Views\\page\\Produk.php')
 3 SYSTEMPATH\View\View.php(231): CodeIgniter\View\View->CodeIgniter\View\{closure}()
 4 SYSTEMPATH\Common.php(1190): CodeIgniter\View\View->render('page/Produk', [], true)
 5 APPPATH\Controllers\Produk.php(40): view('page/Produk')
 6 SYSTEMPATH\CodeIgniter.php(942): App\Controllers\produk->save()
 7 SYSTEMPATH\CodeIgniter.php(502): CodeIgniter\CodeIgniter->runController(Object(App\Controllers\produk))
 8 SYSTEMPATH\CodeIgniter.php(361): CodeIgniter\CodeIgniter->handleRequest(null, Object(Config\Cache), false)
 9 FCPATH\index.php(79): CodeIgniter\CodeIgniter->run()
10 SYSTEMPATH\Commands\Server\rewrite.php(47): require_once('C:\\xampp\\htdocs\\commerce\\public\\index.php')
INFO - 2023-10-31 07:06:21 --> Session: Class initialized using 'CodeIgniter\Session\Handlers\FileHandler' driver.
INFO - 2023-10-31 07:06:22 --> Session: Class initialized using 'CodeIgniter\Session\Handlers\FileHandler' driver.
INFO - 2023-10-31 07:11:14 --> Session: Class initialized using 'CodeIgniter\Session\Handlers\FileHandler' driver.
INFO - 2023-10-31 07:11:32 --> Session: Class initialized using 'CodeIgniter\Session\Handlers\FileHandler' driver.
INFO - 2023-10-31 07:11:33 --> Session: Class initialized using 'CodeIgniter\Session\Handlers\FileHandler' driver.
INFO - 2023-10-31 07:17:43 --> Session: Class initialized using 'CodeIgniter\Session\Handlers\FileHandler' driver.
INFO - 2023-10-31 07:18:05 --> Session: Class initialized using 'CodeIgniter\Session\Handlers\FileHandler' driver.
INFO - 2023-10-31 07:18:06 --> Session: Class initialized using 'CodeIgniter\Session\Handlers\FileHandler' driver.
INFO - 2023-10-31 07:19:39 --> Session: Class initialized using 'CodeIgniter\Session\Handlers\FileHandler' driver.
INFO - 2023-10-31 07:19:59 --> Session: Class initialized using 'CodeIgniter\Session\Handlers\FileHandler' driver.
INFO - 2023-10-31 07:20:00 --> Session: Class initialized using 'CodeIgniter\Session\Handlers\FileHandler' driver.
INFO - 2023-10-31 07:20:23 --> Session: Class initialized using 'CodeIgniter\Session\Handlers\FileHandler' driver.
INFO - 2023-10-31 07:21:05 --> Session: Class initialized using 'CodeIgniter\Session\Handlers\FileHandler' driver.
INFO - 2023-10-31 07:24:47 --> Session: Class initialized using 'CodeIgniter\Session\Handlers\FileHandler' driver.
INFO - 2023-10-31 07:25:02 --> Session: Class initialized using 'CodeIgniter\Session\Handlers\FileHandler' driver.
INFO - 2023-10-31 07:25:03 --> Session: Class initialized using 'CodeIgniter\Session\Handlers\FileHandler' driver.
INFO - 2023-10-31 07:26:58 --> Session: Class initialized using 'CodeIgniter\Session\Handlers\FileHandler' driver.
INFO - 2023-10-31 07:27:34 --> Session: Class initialized using 'CodeIgniter\Session\Handlers\FileHandler' driver.
INFO - 2023-10-31 07:27:50 --> Session: Class initialized using 'CodeIgniter\Session\Handlers\FileHandler' driver.
INFO - 2023-10-31 07:27:50 --> Session: Class initialized using 'CodeIgniter\Session\Handlers\FileHandler' driver.
INFO - 2023-10-31 07:50:22 --> Session: Class initialized using 'CodeIgniter\Session\Handlers\FileHandler' driver.
CRITICAL - 2023-10-31 07:50:22 --> Undefined variable: endpoint
in APPPATH\Views\page\Produk.php on line 41.
 1 APPPATH\Views\page\Produk.php(41): CodeIgniter\Debug\Exceptions->errorHandler(8, 'Undefined variable: endpoint', 'C:\\xampp\\htdocs\\commerce\\app\\Views\\page\\Produk.php', 41, [...])
 2 SYSTEMPATH\View\View.php(228): include('C:\\xampp\\htdocs\\commerce\\app\\Views\\page\\Produk.php')
 3 SYSTEMPATH\View\View.php(231): CodeIgniter\View\View->CodeIgniter\View\{closure}()
 4 SYSTEMPATH\Common.php(1190): CodeIgniter\View\View->render('page/Produk', [], true)
 5 APPPATH\Controllers\Produk.php(18): view('page/Produk', [...])
 6 SYSTEMPATH\CodeIgniter.php(942): App\Controllers\produk->Home()
 7 SYSTEMPATH\CodeIgniter.php(502): CodeIgniter\CodeIgniter->runController(Object(App\Controllers\produk))
 8 SYSTEMPATH\CodeIgniter.php(361): CodeIgniter\CodeIgniter->handleRequest(null, Object(Config\Cache), false)
 9 FCPATH\index.php(79): CodeIgniter\CodeIgniter->run()
10 SYSTEMPATH\Commands\Server\rewrite.php(47): require_once('C:\\xampp\\htdocs\\commerce\\public\\index.php')
INFO - 2023-10-31 07:50:36 --> Session: Class initialized using 'CodeIgniter\Session\Handlers\FileHandler' driver.
INFO - 2023-10-31 07:54:11 --> Session: Class initialized using 'CodeIgniter\Session\Handlers\FileHandler' driver.
INFO - 2023-10-31 07:55:21 --> Session: Class initialized using 'CodeIgniter\Session\Handlers\FileHandler' driver.
INFO - 2023-10-31 07:56:10 --> Session: Class initialized using 'CodeIgniter\Session\Handlers\FileHandler' driver.
INFO - 2023-10-31 07:56:16 --> Session: Class initialized using 'CodeIgniter\Session\Handlers\FileHandler' driver.
INFO - 2023-10-31 07:56:17 --> Session: Class initialized using 'CodeIgniter\Session\Handlers\FileHandler' driver.
INFO - 2023-10-31 07:56:24 --> Session: Class initialized using 'CodeIgniter\Session\Handlers\FileHandler' driver.
INFO - 2023-10-31 07:56:24 --> Session: Class initialized using 'CodeIgniter\Session\Handlers\FileHandler' driver.
INFO - 2023-10-31 07:56:43 --> Session: Class initialized using 'CodeIgniter\Session\Handlers\FileHandler' driver.
INFO - 2023-10-31 07:56:43 --> Session: Class initialized using 'CodeIgniter\Session\Handlers\FileHandler' driver.
INFO - 2023-10-31 07:56:50 --> Session: Class initialized using 'CodeIgniter\Session\Handlers\FileHandler' driver.
INFO - 2023-10-31 07:56:50 --> Session: Class initialized using 'CodeIgniter\Session\Handlers\FileHandler' driver.
INFO - 2023-10-31 07:56:55 --> Session: Class initialized using 'CodeIgniter\Session\Handlers\FileHandler' driver.
INFO - 2023-10-31 07:56:56 --> Session: Class initialized using 'CodeIgniter\Session\Handlers\FileHandler' driver.
INFO - 2023-10-31 07:57:00 --> Session: Class initialized using 'CodeIgniter\Session\Handlers\FileHandler' driver.
INFO - 2023-10-31 07:57:01 --> Session: Class initialized using 'CodeIgniter\Session\Handlers\FileHandler' driver.
INFO - 2023-10-31 08:01:36 --> Session: Class initialized using 'CodeIgniter\Session\Handlers\FileHandler' driver.
INFO - 2023-10-31 08:02:15 --> Session: Class initialized using 'CodeIgniter\Session\Handlers\FileHandler' driver.
INFO - 2023-10-31 08:03:11 --> Session: Class initialized using 'CodeIgniter\Session\Handlers\FileHandler' driver.
INFO - 2023-10-31 08:03:36 --> Session: Class initialized using 'CodeIgniter\Session\Handlers\FileHandler' driver.
INFO - 2023-10-31 08:23:56 --> Session: Class initialized using 'CodeIgniter\Session\Handlers\FileHandler' driver.
INFO - 2023-10-31 08:24:23 --> Session: Class initialized using 'CodeIgniter\Session\Handlers\FileHandler' driver.
INFO - 2023-10-31 08:27:42 --> Session: Class initialized using 'CodeIgniter\Session\Handlers\FileHandler' driver.
INFO - 2023-10-31 08:27:52 --> Session: Class initialized using 'CodeIgniter\Session\Handlers\FileHandler' driver.
INFO - 2023-10-31 08:28:44 --> Session: Class initialized using 'CodeIgniter\Session\Handlers\FileHandler' driver.
INFO - 2023-10-31 08:28:45 --> Session: Class initialized using 'CodeIgniter\Session\Handlers\FileHandler' driver.
INFO - 2023-10-31 08:33:25 --> Session: Class initialized using 'CodeIgniter\Session\Handlers\FileHandler' driver.
INFO - 2023-10-31 08:33:26 --> Session: Class initialized using 'CodeIgniter\Session\Handlers\FileHandler' driver.
INFO - 2023-10-31 08:42:59 --> Session: Class initialized using 'CodeIgniter\Session\Handlers\FileHandler' driver.
INFO - 2023-10-31 08:43:06 --> Session: Class initialized using 'CodeIgniter\Session\Handlers\FileHandler' driver.
INFO - 2023-10-31 08:55:16 --> Session: Class initialized using 'CodeIgniter\Session\Handlers\FileHandler' driver.
INFO - 2023-10-31 08:55:28 --> Session: Class initialized using 'CodeIgniter\Session\Handlers\FileHandler' driver.
INFO - 2023-10-31 08:55:32 --> Session: Class initialized using 'CodeIgniter\Session\Handlers\FileHandler' driver.
INFO - 2023-10-31 08:55:32 --> Session: Class initialized using 'CodeIgniter\Session\Handlers\FileHandler' driver.
INFO - 2023-10-31 08:55:38 --> Session: Class initialized using 'CodeIgniter\Session\Handlers\FileHandler' driver.
INFO - 2023-10-31 08:55:38 --> Session: Class initialized using 'CodeIgniter\Session\Handlers\FileHandler' driver.
INFO - 2023-10-31 08:57:52 --> Session: Class initialized using 'CodeIgniter\Session\Handlers\FileHandler' driver.
INFO - 2023-10-31 08:58:09 --> Session: Class initialized using 'CodeIgniter\Session\Handlers\FileHandler' driver.
INFO - 2023-10-31 08:58:10 --> Session: Class initialized using 'CodeIgniter\Session\Handlers\FileHandler' driver.
INFO - 2023-10-31 08:58:54 --> Session: Class initialized using 'CodeIgniter\Session\Handlers\FileHandler' driver.
INFO - 2023-10-31 08:58:56 --> Session: Class initialized using 'CodeIgniter\Session\Handlers\FileHandler' driver.
INFO - 2023-10-31 08:59:28 --> Session: Class initialized using 'CodeIgniter\Session\Handlers\FileHandler' driver.
INFO - 2023-10-31 08:59:39 --> Session: Class initialized using 'CodeIgniter\Session\Handlers\FileHandler' driver.
INFO - 2023-10-31 08:59:40 --> Session: Class initialized using 'CodeIgniter\Session\Handlers\FileHandler' driver.
INFO - 2023-10-31 09:00:27 --> Session: Class initialized using 'CodeIgniter\Session\Handlers\FileHandler' driver.
INFO - 2023-10-31 09:00:33 --> Session: Class initialized using 'CodeIgniter\Session\Handlers\FileHandler' driver.
INFO - 2023-10-31 09:00:34 --> Session: Class initialized using 'CodeIgniter\Session\Handlers\FileHandler' driver.
INFO - 2023-10-31 09:01:15 --> Session: Class initialized using 'CodeIgniter\Session\Handlers\FileHandler' driver.
INFO - 2023-10-31 09:01:30 --> Session: Class initialized using 'CodeIgniter\Session\Handlers\FileHandler' driver.
INFO - 2023-10-31 09:01:31 --> Session: Class initialized using 'CodeIgniter\Session\Handlers\FileHandler' driver.
INFO - 2023-10-31 09:03:41 --> Session: Class initialized using 'CodeIgniter\Session\Handlers\FileHandler' driver.
INFO - 2023-10-31 09:03:46 --> Session: Class initialized using 'CodeIgniter\Session\Handlers\FileHandler' driver.
INFO - 2023-10-31 09:03:46 --> Session: Class initialized using 'CodeIgniter\Session\Handlers\FileHandler' driver.
INFO - 2023-10-31 09:04:44 --> Session: Class initialized using 'CodeIgniter\Session\Handlers\FileHandler' driver.
INFO - 2023-10-31 09:05:07 --> Session: Class initialized using 'CodeIgniter\Session\Handlers\FileHandler' driver.
INFO - 2023-10-31 09:05:08 --> Session: Class initialized using 'CodeIgniter\Session\Handlers\FileHandler' driver.
INFO - 2023-10-31 09:05:30 --> Session: Class initialized using 'CodeIgniter\Session\Handlers\FileHandler' driver.
INFO - 2023-10-31 09:06:15 --> Session: Class initialized using 'CodeIgniter\Session\Handlers\FileHandler' driver.
INFO - 2023-10-31 09:06:18 --> Session: Class initialized using 'CodeIgniter\Session\Handlers\FileHandler' driver.
INFO - 2023-10-31 09:06:19 --> Session: Class initialized using 'CodeIgniter\Session\Handlers\FileHandler' driver.
INFO - 2023-10-31 09:13:22 --> Session: Class initialized using 'CodeIgniter\Session\Handlers\FileHandler' driver.
INFO - 2023-10-31 09:13:38 --> Session: Class initialized using 'CodeIgniter\Session\Handlers\FileHandler' driver.
INFO - 2023-10-31 09:14:10 --> Session: Class initialized using 'CodeIgniter\Session\Handlers\FileHandler' driver.
INFO - 2023-10-31 09:14:30 --> Session: Class initialized using 'CodeIgniter\Session\Handlers\FileHandler' driver.
INFO - 2023-10-31 09:15:11 --> Session: Class initialized using 'CodeIgniter\Session\Handlers\FileHandler' driver.
INFO - 2023-10-31 09:15:49 --> Session: Class initialized using 'CodeIgniter\Session\Handlers\FileHandler' driver.
INFO - 2023-10-31 09:29:18 --> Session: Class initialized using 'CodeIgniter\Session\Handlers\FileHandler' driver.
INFO - 2023-10-31 10:01:45 --> Session: Class initialized using 'CodeIgniter\Session\Handlers\FileHandler' driver.
